../Core/Src/MPU9250.c:99:13:MPU9250_OnActivate	4	static
../Core/Src/MPU9250.c:103:20:MPU9250_Activate	8	static
../Core/Src/MPU9250.c:109:20:MPU9250_Deactivate	8	static
../Core/Src/MPU9250.c:114:9:SPIx_WriteRead	32	static
../Core/Src/MPU9250.c:127:6:MPU_SPI_Write	16	static
../Core/Src/MPU9250.c:140:6:MPU_SPI_Read	24	static
../Core/Src/MPU9250.c:150:6:writeRegister	16	static
../Core/Src/MPU9250.c:157:6:readRegisters	16	static
../Core/Src/MPU9250.c:162:6:writeAK8963Register	16	static
../Core/Src/MPU9250.c:178:6:readAK8963Registers	16	static
../Core/Src/MPU9250.c:197:16:whoAmI	8	static
../Core/Src/MPU9250.c:206:12:whoAmIAK8963	8	static
../Core/Src/MPU9250.c:214:9:MPU9250_Init	16	static
../Core/Src/MPU9250.c:309:6:MPU9250_SetAccelRange	16	static
../Core/Src/MPU9250.c:315:6:MPU9250_SetGyroRange	16	static
../Core/Src/MPU9250.c:321:6:MPU9250_SetDLPFBandwidth	16	static
../Core/Src/MPU9250.c:328:6:MPU9250_SetSampleRateDivider	16	static
../Core/Src/MPU9250.c:371:6:MPU9250_GetData	32	static
